[Atelis.com/index.html]
[backblue.gif]
[fade.gif]
[index.html]
[cdnjs.cloudflare.com/ajax/libs/slick-carousel/1.8.1/slick.min6a4d.css]
[cdn.jsdelivr.net/jquery.slick/1.5.0/slick-theme6a4d.css]
[cdnjs.cloudflare.com/ajax/libs/bootstrap-select/1.13.18/css/bootstrap-select.min6a4d.css]
[cdn.jsdelivr.net/npm/bootstrap@5.0.0-beta1/dist/css/bootstrap.min6a4d.css]
[Atelis.com/wp-includes/js/jquery/jquery.mina7a0.js]
[Atelis.com/wp-includes/js/jquery/jquery-migrate.mind617.js]
[Atelis.com/wp-content/themes/Decagon/assets/js/loadmore6a4d.js]
[Atelis.com/xmlrpc0db0.php]
[Atelis.com/wp-json/index.html]
[Atelis.com/wp-includes/wlwmanifest.xml]
[Atelis.com/wp-content/uploads/2022/07/favicon.png]
[Atelis.com/fellowship/index.html]
[Atelis.com/wp-content/themes/Decagon/assets/img/workspace.jpg]
[Atelis.com/wp-content/themes/Decagon/assets/img/team2 1.jpg]
[Atelis.com/wp-content/themes/Decagon/assets/img/leadership/chika-nwobi.jpg]
[Atelis.com/wp-content/themes/Decagon/assets/img/leadership/laurens-kreuze.jpg]
[Atelis.com/wp-content/themes/Decagon/assets/img/leadership/emilly-liggette.jpg]
[Atelis.com/wp-content/themes/Decagon/assets/img/leadership/jody-ike.jpg]
[Atelis.com/wp-content/themes/Decagon/assets/img/leadership/joseph-abah.jpg]
[Atelis.com/blog/index.html]
[Atelis.com/blog/footballer-by-day-tech-sis-by-night-dorcas-agwogie/index.html]
[Atelis.com/privacy/index.html]
[Atelis.com/terms/index.html]
[js.hs-scripts.com/92898484e6c.js]
[cdnjs.cloudflare.com/ajax/libs/bootstrap-select/1.13.18/js/bootstrap-select.min5152.js]
[cdn.jsdelivr.net/npm/bootstrap@5.0.0-beta1/dist/js/bootstrap.min5152.js]
[Atelis.com/wp-content/themes/Decagon/assets/js/countrypicker2b75.js]
[cdnjs.cloudflare.com/ajax/libs/slick-carousel/1.8.1/slick.min5152.js]
[Atelis.com/wp-content/themes/Decagon/assets/js/script1790.js]
[Atelis.com/wp-content/themes/Decagon/assets/js/fellowship/slick-carousel2b75.js]
[Atelis.com/wp-content/themes/Decagon/assets/js/about/carousel2b75.js]
[Atelis.com/wp-content/themes/Decagon/assets/js/hireadev/carousel2b75.js]
[Atelis.com/wp-content/themes/Decagon/assets/js/resubmit1790.js]
[Atelis.com/wp-content/themes/Decagon/assets/js/moreinput1790.js]
[Atelis.com/wp-content/themes/Decagon/assets/js/submitform7f39.js]
[Atelis.com/wp-content/themes/Decagon/assets/js/fellowship/carousel1790.js]
[Atelis.com/wp-content/themes/Decagon/assets/js/fellowship/ninthsection2b75.js]
[snap.licdn.com/li.lms-analytics/insight.min.js]
[Atelis.com/index.html]
[Atelis.com/wp-includes/css/dist/block-library/style.min6a4d.css]
[Atelis.com/wp-includes/css/classic-themes.min68b3.css]
[cdnjs.cloudflare.com/ajax/libs/slick-carousel/1.8.1/slick.min6a4d.css]
[cdn.jsdelivr.net/jquery.slick/1.5.0/ajax-loader.gif]
[cdn.jsdelivr.net/jquery.slick/1.5.0/fonts/slick.eot]
[cdn.jsdelivr.net/jquery.slick/1.5.0/fonts/slickd41d.eot]
[cdn.jsdelivr.net/jquery.slick/1.5.0/fonts/slick.woff]
[cdn.jsdelivr.net/jquery.slick/1.5.0/fonts/slick.ttf]
[cdn.jsdelivr.net/jquery.slick/1.5.0/slick-theme6a4d.css]
[cdn.jsdelivr.net/npm/bootstrap@5.0.0-beta1/dist/css/bootstrap.min6a4d.css]
[cdnjs.cloudflare.com/ajax/libs/bootstrap-select/1.13.18/css/bootstrap-select.min6a4d.css]
[cdn.jsdelivr.net/jquery.slick/1.5.0/fonts/slick.svg]
[Atelis.com/wp-content/themes/Decagon/assets/img/hero.jpg]
[Atelis.com/wp-content/themes/Decagon/assets/css/style1790.css]
[Atelis.com/wp-content/themes/Decagon/assets/css/blog1790.css]
[Atelis.com/wp-content/themes/Decagon/assets/css/fellowshiprequest1790.css]
[Atelis.com/wp-content/themes/Decagon/assets/css/pipeline1790.css]
[Atelis.com/wp-content/themes/Decagon/assets/css/fellowshipaa1e.css]
[Atelis.com/wp-content/themes/Decagon/assets/css/internationalfellowship1790.css]
[Atelis.com/wp-content/themes/Decagon/assets/css/thankyou1790.css]
[Atelis.com/wp-content/themes/Decagon/assets/css/hireadev1790.css]
[Atelis.com/wp-content/plugins/elementor/assets/lib/eicons/fonts/eiconsd6bb.eot]
[Atelis.com/wp-content/plugins/elementor/assets/lib/eicons/fonts/eiconsd6bb.woff2]
[Atelis.com/wp-content/plugins/elementor/assets/lib/eicons/fonts/eiconsd6bb.woff]
[Atelis.com/wp-content/plugins/elementor/assets/lib/eicons/fonts/eiconsd6bb.ttf]
[Atelis.com/wp-content/plugins/elementor/assets/lib/eicons/css/elementor-icons.min3b94.css]
[Atelis.com/wp-content/plugins/elementor/assets/css/frontend-lite.mina3be.css]
[Atelis.com/wp-content/plugins/elementor/assets/lib/swiper/css/swiper.min48f5.css]
[Atelis.com/wp-content/uploads/elementor/css/post-40a97b.css]
[Atelis.com/wp-content/plugins/elementor-pro/assets/css/frontend-lite.minf0b4.css]
[Atelis.com/wp-content/uploads/elementor/css/globala97b.css]
[Atelis.com/wp-content/uploads/2022/07/logo-white.png]
[Atelis.com/wp-json/wp/v2/pages/15.json]
[Atelis.com/wp-json/oembed/1.0/embedee93.json]
[Atelis.com/wp-json/oembed/1.0/embedd26f]
[Atelis.com/wp-content/themes/Decagon/assets/img/fellowship/landingpageimg.png]
[Atelis.com/engineer/index.html]
[Atelis.com/wp-content/themes/Decagon/assets/img/fellowship/one.png]
[Atelis.com/wp-content/themes/Decagon/assets/img/fellowship/two.png]
[Atelis.com/wp-content/themes/Decagon/assets/img/fellowship/three.png]
[Atelis.com/wp-content/themes/Decagon/assets/img/fellowship/thirdsectionimg.png]
[Atelis.com/wp-content/themes/Decagon/assets/img/fellowship/fourth.png]
[Atelis.com/wp-content/themes/Decagon/assets/img/fellowship/CHIJIOKE.png]
[Atelis.com/wp-content/themes/Decagon/assets/img/fellowship/MattAdesanya.png]
[Atelis.com/wp-content/themes/Decagon/assets/img/fellowship/DavidMacdonald.png]
[Atelis.com/wp-content/themes/Decagon/assets/img/fellowship/carbon.png]
[Atelis.com/wp-content/themes/Decagon/assets/img/fellowship/access.png]
[Atelis.com/wp-content/themes/Decagon/assets/img/fellowship/unionbank.png]
[Atelis.com/wp-content/themes/Decagon/assets/img/fellowship/nestle.png]
[Atelis.com/wp-content/themes/Decagon/assets/img/fellowship/sterling.png]
[Atelis.com/wp-content/themes/Decagon/assets/img/fellowship/renmoney.png]
[Atelis.com/wp-content/themes/Decagon/assets/img/fellowship/opay.png]
[Atelis.com/wp-content/themes/Decagon/assets/img/fellowship/mastercard.png]
[Atelis.com/wp-content/themes/Decagon/assets/img/fellowship/tega.png]
[Atelis.com/wp-content/themes/Decagon/assets/img/fellowship/IMG_nopmki.png]
[Atelis.com/wp-content/themes/Decagon/assets/img/fellowship/jb.png]
[Atelis.com/wp-content/themes/Decagon/assets/img/fellowship/Vector.png]
[Atelis.com/fellowship/index.html]
[Atelis.com/wp-content/themes/Decagon/assets/img/partners/merck.svg]
[Atelis.com/wp-content/themes/Decagon/assets/img/partners/nike.svg]
[Atelis.com/wp-content/themes/Decagon/assets/img/partners/mastercard.svg]
[Atelis.com/wp-content/themes/Decagon/assets/img/partners/vertex.svg]
[Atelis.com/wp-content/themes/Decagon/assets/img/partners/budweiser.svg]
[Atelis.com/wp-content/themes/Decagon/assets/img/partners/nokia.svg]
[Atelis.com/wp-content/themes/Decagon/assets/img/linkedin.svg]
[Atelis.com/wp-content/themes/Decagon/assets/img/atlassian.svg]
[Atelis.com/wp-content/themes/Decagon/assets/img/microsoft.svg]
[Atelis.com/wp-content/themes/Decagon/assets/img/github.svg]
[Atelis.com/wp-json/wp/v2/pages/25.json]
[Atelis.com/wp-json/oembed/1.0/embed62bc.json]
[Atelis.com/wp-json/oembed/1.0/embedd93f]
[Atelis.com/blog/index.html]
[Atelis.com/request-a-call/index.html]
[Atelis.com/blog/category/uncategorized/index.html]
[Atelis.com/blog/footballer-by-day-tech-sis-by-night-dorcas-agwogie/feed/index.html]
[Atelis.com/wp-json/wp/v2/posts/688.json]
[Atelis.com/wp-json/oembed/1.0/embedb2ce.json]
[Atelis.com/wp-json/oembed/1.0/embed9c12]
[Atelis.com/blog/footballer-by-day-tech-sis-by-night-dorcas-agwogie/index.html]
[Atelis.com/wp-content/uploads/2022/08/Facebook.svg]
[Atelis.com/wp-content/uploads/2022/08/Twitter.svg]
[Atelis.com/wp-content/uploads/2022/08/Instagram.svg]
[Atelis.com/wp-content/uploads/2022/08/LinkedIn.svg]
[Atelis.com/wp-json/wp/v2/pages/653.json]
[Atelis.com/wp-json/oembed/1.0/embed7a11.json]
[Atelis.com/wp-json/oembed/1.0/embed6380]
[Atelis.com/privacy/index.html]
[Atelis.com/wp-json/wp/v2/pages/656.json]
[Atelis.com/wp-json/oembed/1.0/embed29e0.json]
[Atelis.com/wp-json/oembed/1.0/embedff3c]
[Atelis.com/terms/index.html]
[Atelis.com/wp-content/themes/Decagon/assets/img/Iconly/Bulk/Message.svg]
[Atelis.com/oribili.js]
[snap.licdn.com/li.lms-analytics/insight.min.js]
[cdn.jsdelivr.net/jquery.slick/1.5.0/fonts/slick.svg]
[Atelis.com/wp-content/plugins/elementor/assets/lib/eicons/fonts/eiconsd6bb.svg]
[Atelis.com/indexa1ca.html]
[Atelis.com/wp-json/wp/v2/pages/19.json]
[Atelis.com/wp-json/oembed/1.0/embedf284.json]
[Atelis.com/wp-json/oembed/1.0/embed2ea1]
[Atelis.com/engineer/index.html]
[Atelis.com/wp-json/wp/v2/pages/23.json]
[Atelis.com/wp-json/oembed/1.0/embed3ec4.json]
[Atelis.com/wp-json/oembed/1.0/embed1bf7]
[Atelis.com/request-a-call/index.html]
[Atelis.com/index970c.html]
[Atelis.com/wp-json/wp/v2/categories/1.json]
[Atelis.com/blog/category/uncategorized/index.html]
[Atelis.com/index5723.html]
[Atelis.com/wp-content/themes/Decagon/assets/img/tweeter.svg]
[Atelis.com/wp-content/themes/Decagon/assets/img/facebook.svg]
[Atelis.com/wp-content/themes/Decagon/assets/img/linkdin.svg]
[Atelis.com/index5d49.html]
[Atelis.com/indexe712.html]
[Atelis.com/oribili.html]
[Atelis.com/index5831.html]
[Atelis.com/index40a0.html]
[Atelis.com/blog/category/uncategorized/feed/index.html]
